
> love-app@0.1.0 build
> react-scripts build

node.exe : (node:17876) [DEP0176] DeprecationWarning: fs.F_OK is deprecated, use fs.constant
s.F_OK instead
所在位置 行:1 字符: 1
+ & "D:\xiazai\Program Files\nodejs/node.exe" "D:\xiazai\Program Files\ ...
+ ~~~~~~~~~~~~~~~~~~~~~~~~~~~~~~~~~~~~~~~~~~~~~~~~~~~~~~~~~~~~~~~~~~~~~
    + CategoryInfo          : NotSpecified: ((node:17876) [D...ts.F_OK instead:String) [],  
   RemoteException
    + FullyQualifiedErrorId : NativeCommandError
 
(Use `node --trace-deprecation ...` to show where the warning was created)
Creating an optimized production build...
Compiled with warnings.

[eslint] 
src\index.tsx
  Line 645:9:    'daysWithEntries' is assigned a value but never used  @typescript-eslint/no-unused-vars
  Line 1897:9:   'todayMoods' is assigned a value but never used       @typescript-eslint/no-unused-vars
  Line 1998:10:  'loading' is assigned a value but never used          @typescript-eslint/no-unused-vars
  Line 1998:19:  'setLoading' is assigned a value but never used       @typescript-eslint/no-unused-vars

Search for the keywords to learn more about each warning.
To ignore, add // eslint-disable-next-line to the line before.

File sizes after gzip:

  196.07 kB (+744 B)  build\static\js\main.fdf03a5a.js
  5.67 kB (+263 B)    build\static\css\main.c32f1814.css

The project was built assuming it is hosted at /.
You can control this with the homepage field in your package.json.

The build folder is ready to be deployed.
You may serve it with a static server:

  npm install -g serve
  serve -s build

Find out more about deployment here:

  https://cra.link/deployment

